============================= test session starts =============================
platform win32 -- Python 3.13.5, pytest-8.4.2, pluggy-1.6.0
rootdir: C:\Users\user\projects\WIP\lms-llmsTxt-generator
configfile: pyproject.toml
plugins: anyio-4.11.0
collected 9 items

tests\test_analyzer.py .                                                 [ 11%]
tests\test_full_builder.py ...                                           [ 44%]
tests\test_lmstudio.py .....                                             [100%]

============================== 9 passed in 4.57s ==============================
